exports[`test renders correctly 1`] = `
<button
  className="kdIDvS">
  test
</button>
`;
