exports[`test renders correctly 1`] = `
<h1
  className="cUAplA">
  Winterest
</h1>
`;
