exports[`test renders correctly 1`] = `
<button
  className="jgFpNU"
  onClick={[Function]} />
`;
