exports[`test renders correctly 1`] = `
<input
  className="gVhbXr" />
`;
