exports[`test renders correctly 1`] = `
<div
  className="title-wrapper guBfrZ" />
`;
