exports[`test renders correctly 1`] = `
<label
  className="bgKYfS" />
`;
