exports[`test renders correctly 1`] = `
<h2
  className="cTfNJF" />
`;
