exports[`test renders correctly 1`] = `
<span
  aria-hidden={true}
  className="fa fa-undefined cRIVAo"
  color={undefined}
  onClick={[Function]}
  transform={undefined} />
`;
