exports[`test renders correctly 1`] = `
<div
  className="eMxMZS"
  onClick={[Function]} />
`;
