exports[`test renders correctly 1`] = `
<span
  aria-hidden={true}
  className="fa fa-user fa-4x VmiKC"
  onClick={[Function]} />
`;
