exports[`test renders correctly 1`] = `
<button
  className="isHjtn"
  onClick={[Function]}>
  SignIn
</button>
`;
