exports[`test renders correctly 1`] = `
<span
  aria-hidden={true}
  className="fa fa-sign-out fa-3x frqUSI"
  onClick={[Function]} />
`;
