exports[`test renders correctly 1`] = `
<div
  className="content-wrapper kzeqBg" />
`;
